18:32:15 **** Auto Build of configuration Debug for project test2 ****
make pre-build main-build 
a9-linaro-pre-build-step
' '
'Building file: ../src/lab2.c'
'Invoking: ARM v7 gcc compiler'
arm-none-eabi-gcc -Wall -O0 -g3 -c -fmessage-length=0 -MT"src/lab2.o" -mcpu=cortex-a9 -mfpu=vfpv3 -mfloat-abi=hard -I../../standalone_bsp_0/ps7_cortexa9_0/include -MMD -MP -MF"src/lab2.d" -MT"src/lab2.o" -o "src/lab2.o" "../src/lab2.c"
../src/lab2.c: In function 'main':
../src/lab2.c:28:4: warning: implicit declaration of function 'sleep' [-Wimplicit-function-declaration]
    sleep(1);
    ^~~~~
'Finished building: ../src/lab2.c'
' '
'Building target: test2.elf'
'Invoking: ARM v7 gcc linker'
arm-none-eabi-gcc -mcpu=cortex-a9 -mfpu=vfpv3 -mfloat-abi=hard -Wl,-build-id=none -specs=Xilinx.spec -Wl,-T -Wl,../src/lscript.ld -L../../standalone_bsp_0/ps7_cortexa9_0/lib -o "test2.elf"  ./src/lab2.o   -Wl,--start-group,-lxil,-lgcc,-lc,--end-group
'Finished building target: test2.elf'
' '
'Invoking: ARM v7 Print Size'
arm-none-eabi-size test2.elf  |tee "test2.elf.size"
   text	   data	    bss	    dec	    hex	filename
  23492	   1188	  22584	  47264	   b8a0	test2.elf
'Finished building: test2.elf.size'
' '

18:32:17 Build Finished (took 2s.696ms)

